12:28:03  Device  : mps
12:28:03  Model   : alexnet
12:28:03  Dataset : cifar10  (small=True)
12:31:02  Params  : 57,044,810
12:31:02  Epochs  : 10
12:31:02  
Epoch 1/10
12:31:02  ----------------------------------------
12:31:17    train  loss: 2.3025  acc: 0.1082
12:31:18    val    loss: 2.3023  acc: 0.1060
12:31:19    --> Best val acc 0.1060 — saved to models/alexnet_cifar10_best.pth
12:31:19    Time: 16.6s
12:31:19  
Epoch 2/10
12:31:19  ----------------------------------------
12:31:31    train  loss: 2.3023  acc: 0.1005
12:31:32    val    loss: 2.3022  acc: 0.1000
12:31:32    Time: 13.5s
12:31:32  
Epoch 3/10
12:31:32  ----------------------------------------
12:31:44    train  loss: 2.3021  acc: 0.1077
12:31:46    val    loss: 2.3022  acc: 0.1000
12:31:46    Time: 13.5s
12:31:46  
Epoch 4/10
12:31:46  ----------------------------------------
12:31:58    train  loss: 2.3018  acc: 0.1103
12:31:59    val    loss: 2.3020  acc: 0.1000
12:31:59    Time: 13.5s
12:31:59  
Epoch 5/10
12:31:59  ----------------------------------------
12:32:12    train  loss: 2.3016  acc: 0.1080
12:32:13    val    loss: 2.3017  acc: 0.1000
12:32:13    Time: 13.7s
12:32:13  
Epoch 6/10
12:32:13  ----------------------------------------
12:32:25    train  loss: 2.3012  acc: 0.1080
12:32:26    val    loss: 2.3014  acc: 0.1000
12:32:26    Time: 13.6s
12:32:26  
Epoch 7/10
12:32:26  ----------------------------------------
12:32:39    train  loss: 2.3008  acc: 0.1080
12:32:40    val    loss: 2.3009  acc: 0.1000
12:32:40    Time: 13.7s
12:32:40  
Epoch 8/10
12:32:40  ----------------------------------------
12:32:52    train  loss: 2.3003  acc: 0.1080
12:32:54    val    loss: 2.3002  acc: 0.1000
12:32:54    Time: 13.5s
12:32:54  
Epoch 9/10
12:32:54  ----------------------------------------
12:33:06    train  loss: 2.2992  acc: 0.1080
12:33:07    val    loss: 2.2989  acc: 0.1000
12:33:07    Time: 13.7s
12:33:07  
Epoch 10/10
12:33:07  ----------------------------------------
12:33:20    train  loss: 2.2968  acc: 0.1080
12:33:21    val    loss: 2.2960  acc: 0.1000
12:33:21    Time: 14.1s
12:33:21  
Best val accuracy: 0.1060
15:20:56  Device  : mps
15:20:56  Model   : alexnet
15:20:56  Dataset : cifar10  (small=True)
15:20:57  Loaded weights from models/alexnet_cifar10_best.pth
15:20:59  
Test accuracy: 0.1230  (123/1000)
