12:39:29  Device  : mps
12:39:29  Model   : googlenet
12:39:29  Dataset : cifar10  (small=True)
12:39:30  Params  : 6,166,250
12:39:30  Epochs  : 25
12:39:30  
Epoch 1/25
12:39:30  ----------------------------------------
12:40:15    train  loss: 2.5388  acc: 0.1537
12:40:18    val    loss: 2.3361  acc: 0.1800
12:40:18    --> Best val acc 0.1800 — saved to models/googlenet_cifar10_best.pth
12:40:18    Time: 47.6s
12:40:18  
Epoch 2/25
12:40:18  ----------------------------------------
12:40:55    train  loss: 2.0563  acc: 0.2335
12:40:57    val    loss: 2.1119  acc: 0.2150
12:40:57    --> Best val acc 0.2150 — saved to models/googlenet_cifar10_best.pth
12:40:57    Time: 39.5s
12:40:57  
Epoch 3/25
12:40:57  ----------------------------------------
12:41:34    train  loss: 1.9461  acc: 0.2422
12:41:36    val    loss: 2.0822  acc: 0.2130
12:41:36    Time: 38.9s
12:41:36  
Epoch 4/25
12:41:36  ----------------------------------------
12:42:13    train  loss: 1.8169  acc: 0.2950
12:42:15    val    loss: 2.0231  acc: 0.2530
12:42:15    --> Best val acc 0.2530 — saved to models/googlenet_cifar10_best.pth
12:42:15    Time: 39.0s
12:42:15  
Epoch 5/25
12:42:15  ----------------------------------------
12:42:51    train  loss: 1.7304  acc: 0.3220
12:42:54    val    loss: 1.7639  acc: 0.3210
12:42:54    --> Best val acc 0.3210 — saved to models/googlenet_cifar10_best.pth
12:42:54    Time: 38.4s
12:42:54  
Epoch 6/25
12:42:54  ----------------------------------------
12:43:30    train  loss: 1.6454  acc: 0.3653
12:43:32    val    loss: 1.7539  acc: 0.3680
12:43:32    --> Best val acc 0.3680 — saved to models/googlenet_cifar10_best.pth
12:43:32    Time: 38.7s
12:43:32  
Epoch 7/25
12:43:32  ----------------------------------------
12:44:08    train  loss: 1.5877  acc: 0.3952
12:44:11    val    loss: 1.9665  acc: 0.3100
12:44:11    Time: 38.2s
12:44:11  
Epoch 8/25
12:44:11  ----------------------------------------
12:44:47    train  loss: 1.5272  acc: 0.4203
12:44:49    val    loss: 1.6648  acc: 0.3890
12:44:49    --> Best val acc 0.3890 — saved to models/googlenet_cifar10_best.pth
12:44:49    Time: 38.6s
12:44:49  
Epoch 9/25
12:44:49  ----------------------------------------
12:45:26    train  loss: 1.4933  acc: 0.4340
12:45:28    val    loss: 1.6413  acc: 0.3820
12:45:28    Time: 39.0s
12:45:28  
Epoch 10/25
12:45:28  ----------------------------------------
12:46:06    train  loss: 1.3985  acc: 0.4728
12:46:09    val    loss: 1.5457  acc: 0.4360
12:46:09    --> Best val acc 0.4360 — saved to models/googlenet_cifar10_best.pth
12:46:09    Time: 40.6s
12:46:09  
Epoch 11/25
12:46:09  ----------------------------------------
12:46:47    train  loss: 1.3292  acc: 0.5000
12:46:50    val    loss: 1.4793  acc: 0.4590
12:46:50    --> Best val acc 0.4590 — saved to models/googlenet_cifar10_best.pth
12:46:50    Time: 41.0s
12:46:50  
Epoch 12/25
12:46:50  ----------------------------------------
12:47:28    train  loss: 1.3041  acc: 0.5202
12:47:31    val    loss: 1.9946  acc: 0.3480
12:47:31    Time: 40.7s
12:47:31  
Epoch 13/25
12:47:31  ----------------------------------------
12:48:09    train  loss: 1.2347  acc: 0.5425
12:48:12    val    loss: 1.3591  acc: 0.4950
12:48:12    --> Best val acc 0.4950 — saved to models/googlenet_cifar10_best.pth
12:48:12    Time: 41.5s
12:48:12  
Epoch 14/25
12:48:12  ----------------------------------------
12:48:54    train  loss: 1.2022  acc: 0.5550
12:48:57    val    loss: 1.4761  acc: 0.4750
12:48:57    Time: 44.5s
12:48:57  
Epoch 15/25
12:48:57  ----------------------------------------
12:49:39    train  loss: 1.1417  acc: 0.5813
12:49:43    val    loss: 1.2937  acc: 0.5480
12:49:43    --> Best val acc 0.5480 — saved to models/googlenet_cifar10_best.pth
12:49:43    Time: 46.0s
12:49:43  
Epoch 16/25
12:49:43  ----------------------------------------
12:50:29    train  loss: 1.0648  acc: 0.6150
12:50:32    val    loss: 1.3476  acc: 0.5440
12:50:32    Time: 48.8s
12:50:32  
Epoch 17/25
12:50:32  ----------------------------------------
12:51:14    train  loss: 1.0353  acc: 0.6288
12:51:17    val    loss: 1.3262  acc: 0.5240
12:51:17    Time: 45.5s
12:51:17  
Epoch 18/25
12:51:17  ----------------------------------------
12:52:00    train  loss: 0.9993  acc: 0.6398
12:52:03    val    loss: 1.3867  acc: 0.5260
12:52:03    Time: 45.5s
12:52:03  
Epoch 19/25
12:52:03  ----------------------------------------
12:52:44    train  loss: 0.8994  acc: 0.6797
12:52:47    val    loss: 1.5502  acc: 0.5200
12:52:47    Time: 44.1s
12:52:47  
Epoch 20/25
12:52:47  ----------------------------------------
12:53:28    train  loss: 0.8805  acc: 0.6827
12:53:31    val    loss: 1.5299  acc: 0.4990
12:53:31    Time: 44.2s
12:53:31  
Epoch 21/25
12:53:31  ----------------------------------------
12:54:13    train  loss: 0.8360  acc: 0.6933
12:54:16    val    loss: 1.6226  acc: 0.5060
12:54:16    Time: 45.0s
12:54:16  
Epoch 22/25
12:54:16  ----------------------------------------
12:54:58    train  loss: 0.7796  acc: 0.7200
12:55:00    val    loss: 1.3220  acc: 0.5650
12:55:01    --> Best val acc 0.5650 — saved to models/googlenet_cifar10_best.pth
12:55:01    Time: 44.7s
12:55:01  
Epoch 23/25
12:55:01  ----------------------------------------
12:55:42    train  loss: 0.7573  acc: 0.7240
12:55:45    val    loss: 1.4946  acc: 0.5570
12:55:45    Time: 44.5s
12:55:45  
Epoch 24/25
12:55:45  ----------------------------------------
12:56:28    train  loss: 0.6945  acc: 0.7495
12:56:31    val    loss: 1.3493  acc: 0.5710
12:56:31    --> Best val acc 0.5710 — saved to models/googlenet_cifar10_best.pth
12:56:31    Time: 45.9s
12:56:31  
Epoch 25/25
12:56:31  ----------------------------------------
12:57:15    train  loss: 0.6498  acc: 0.7680
12:57:18    val    loss: 1.4434  acc: 0.5670
12:57:18    Time: 47.1s
12:57:18  
Best val accuracy: 0.5710
15:21:39  Device  : mps
15:21:39  Model   : googlenet
15:21:39  Dataset : cifar10  (small=True)
15:21:40  Loaded weights from models/googlenet_cifar10_best.pth
15:21:43  
Test accuracy: 0.5500  (550/1000)
