13:37:13  Device  : mps
13:37:13  Model   : resnet18
13:37:13  Dataset : cifar10  (small=True)
13:37:14  Params  : 11,173,962
13:37:14  Epochs  : 20
13:37:14  
Epoch 1/20
13:37:14  ----------------------------------------
13:37:24    train  loss: 2.7178  acc: 0.1732
13:37:25    val    loss: 2.1175  acc: 0.2060
13:37:25    --> Best val acc 0.2060 — saved to models/resnet18_cifar10_best.pth
13:37:25    Time: 11.1s
13:37:25  
Epoch 2/20
13:37:25  ----------------------------------------
13:37:33    train  loss: 1.9271  acc: 0.2615
13:37:34    val    loss: 1.9174  acc: 0.2570
13:37:34    --> Best val acc 0.2570 — saved to models/resnet18_cifar10_best.pth
13:37:34    Time: 9.0s
13:37:34  
Epoch 3/20
13:37:34  ----------------------------------------
13:37:42    train  loss: 1.8020  acc: 0.3105
13:37:43    val    loss: 1.9440  acc: 0.2940
13:37:43    --> Best val acc 0.2940 — saved to models/resnet18_cifar10_best.pth
13:37:43    Time: 8.9s
13:37:43  
Epoch 4/20
13:37:43  ----------------------------------------
13:37:51    train  loss: 1.7062  acc: 0.3603
13:37:51    val    loss: 1.6577  acc: 0.3730
13:37:51    --> Best val acc 0.3730 — saved to models/resnet18_cifar10_best.pth
13:37:51    Time: 8.9s
13:37:51  
Epoch 5/20
13:37:51  ----------------------------------------
13:38:00    train  loss: 1.6077  acc: 0.4035
13:38:00    val    loss: 1.5359  acc: 0.4260
13:38:01    --> Best val acc 0.4260 — saved to models/resnet18_cifar10_best.pth
13:38:01    Time: 9.1s
13:38:01  
Epoch 6/20
13:38:01  ----------------------------------------
13:38:09    train  loss: 1.5224  acc: 0.4363
13:38:10    val    loss: 1.5830  acc: 0.4170
13:38:10    Time: 9.6s
13:38:10  
Epoch 7/20
13:38:10  ----------------------------------------
13:38:19    train  loss: 1.4490  acc: 0.4765
13:38:20    val    loss: 1.5464  acc: 0.4210
13:38:20    Time: 9.7s
13:38:20  
Epoch 8/20
13:38:20  ----------------------------------------
13:38:30    train  loss: 1.3492  acc: 0.5078
13:38:31    val    loss: 1.5651  acc: 0.4360
13:38:31    --> Best val acc 0.4360 — saved to models/resnet18_cifar10_best.pth
13:38:31    Time: 11.2s
13:38:31  
Epoch 9/20
13:38:31  ----------------------------------------
13:38:42    train  loss: 1.2889  acc: 0.5250
13:38:43    val    loss: 1.5739  acc: 0.4430
13:38:43    --> Best val acc 0.4430 — saved to models/resnet18_cifar10_best.pth
13:38:43    Time: 11.8s
13:38:43  
Epoch 10/20
13:38:43  ----------------------------------------
13:38:57    train  loss: 1.2182  acc: 0.5503
13:38:58    val    loss: 1.6743  acc: 0.4310
13:38:58    Time: 15.1s
13:38:58  
Epoch 11/20
13:38:58  ----------------------------------------
13:39:13    train  loss: 1.0976  acc: 0.5958
13:39:14    val    loss: 1.6010  acc: 0.4410
13:39:14    Time: 16.2s
13:39:14  
Epoch 12/20
13:39:14  ----------------------------------------
13:39:30    train  loss: 1.0261  acc: 0.6228
13:39:31    val    loss: 1.4414  acc: 0.4960
13:39:32    --> Best val acc 0.4960 — saved to models/resnet18_cifar10_best.pth
13:39:32    Time: 17.4s
13:39:32  
Epoch 13/20
13:39:32  ----------------------------------------
13:39:49    train  loss: 0.8825  acc: 0.6870
13:39:50    val    loss: 1.6439  acc: 0.4610
13:39:50    Time: 18.1s
13:39:50  
Epoch 14/20
13:39:50  ----------------------------------------
13:40:07    train  loss: 0.7902  acc: 0.7093
13:40:08    val    loss: 1.6127  acc: 0.4680
13:40:08    Time: 17.9s
13:40:08  
Epoch 15/20
13:40:08  ----------------------------------------
13:40:22    train  loss: 0.6483  acc: 0.7648
13:40:23    val    loss: 1.9069  acc: 0.4710
13:40:23    Time: 15.4s
13:40:23  
Epoch 16/20
13:40:23  ----------------------------------------
13:40:38    train  loss: 0.5588  acc: 0.7965
13:40:39    val    loss: 1.7277  acc: 0.5160
13:40:39    --> Best val acc 0.5160 — saved to models/resnet18_cifar10_best.pth
13:40:39    Time: 16.0s
13:40:39  
Epoch 17/20
13:40:39  ----------------------------------------
13:40:53    train  loss: 0.4236  acc: 0.8492
13:40:54    val    loss: 1.8058  acc: 0.4850
13:40:54    Time: 15.1s
13:40:54  
Epoch 18/20
13:40:54  ----------------------------------------
13:41:08    train  loss: 0.3875  acc: 0.8635
13:41:09    val    loss: 1.9971  acc: 0.4680
13:41:09    Time: 15.4s
13:41:09  
Epoch 19/20
13:41:09  ----------------------------------------
13:41:24    train  loss: 0.2823  acc: 0.9050
13:41:25    val    loss: 2.2059  acc: 0.4800
13:41:25    Time: 15.8s
13:41:25  
Epoch 20/20
13:41:25  ----------------------------------------
13:41:42    train  loss: 0.2196  acc: 0.9250
13:41:43    val    loss: 2.3073  acc: 0.4880
13:41:43    Time: 17.3s
13:41:43  
Best val accuracy: 0.5160
15:21:58  Device  : mps
15:21:58  Model   : resnet18
15:21:58  Dataset : cifar10  (small=True)
15:21:58  Loaded weights from models/resnet18_cifar10_best.pth
15:22:00  
Test accuracy: 0.5090  (509/1000)
