15:00:50  Device  : mps
15:00:50  Model   : vit_small
15:00:50  Dataset : cifar10  (small=True)
15:00:51  Params  : 1,205,898
15:00:51  Epochs  : 20
15:00:51  
Epoch 1/20
15:00:51  ----------------------------------------
15:00:55    train  loss: 2.0724  acc: 0.2150
15:00:56    val    loss: 1.9170  acc: 0.2850
15:00:56    --> Best val acc 0.2850 — saved to models/vit_small_cifar10_best.pth
15:00:56    Time: 5.2s
15:00:56  
Epoch 2/20
15:00:56  ----------------------------------------
15:00:59    train  loss: 1.8997  acc: 0.2825
15:01:00    val    loss: 1.8986  acc: 0.2820
15:01:00    Time: 3.9s
15:01:00  
Epoch 3/20
15:01:00  ----------------------------------------
15:01:03    train  loss: 1.8151  acc: 0.3165
15:01:03    val    loss: 1.7415  acc: 0.3290
15:01:03    --> Best val acc 0.3290 — saved to models/vit_small_cifar10_best.pth
15:01:03    Time: 3.9s
15:01:03  
Epoch 4/20
15:01:03  ----------------------------------------
15:01:07    train  loss: 1.7365  acc: 0.3427
15:01:07    val    loss: 1.7431  acc: 0.3680
15:01:07    --> Best val acc 0.3680 — saved to models/vit_small_cifar10_best.pth
15:01:07    Time: 3.9s
15:01:07  
Epoch 5/20
15:01:07  ----------------------------------------
15:01:11    train  loss: 1.7014  acc: 0.3600
15:01:11    val    loss: 1.7132  acc: 0.3740
15:01:11    --> Best val acc 0.3740 — saved to models/vit_small_cifar10_best.pth
15:01:11    Time: 3.9s
15:01:11  
Epoch 6/20
15:01:11  ----------------------------------------
15:01:15    train  loss: 1.6580  acc: 0.3785
15:01:15    val    loss: 1.6322  acc: 0.4090
15:01:15    --> Best val acc 0.4090 — saved to models/vit_small_cifar10_best.pth
15:01:15    Time: 3.9s
15:01:15  
Epoch 7/20
15:01:15  ----------------------------------------
15:01:19    train  loss: 1.5986  acc: 0.3990
15:01:20    val    loss: 1.6960  acc: 0.3810
15:01:20    Time: 4.3s
15:01:20  
Epoch 8/20
15:01:20  ----------------------------------------
15:01:23    train  loss: 1.5558  acc: 0.4298
15:01:24    val    loss: 1.6360  acc: 0.3930
15:01:24    Time: 4.0s
15:01:24  
Epoch 9/20
15:01:24  ----------------------------------------
15:01:27    train  loss: 1.4929  acc: 0.4510
15:01:27    val    loss: 1.6078  acc: 0.4160
15:01:27    --> Best val acc 0.4160 — saved to models/vit_small_cifar10_best.pth
15:01:27    Time: 3.9s
15:01:27  
Epoch 10/20
15:01:27  ----------------------------------------
15:01:31    train  loss: 1.4525  acc: 0.4700
15:01:31    val    loss: 1.5965  acc: 0.4220
15:01:31    --> Best val acc 0.4220 — saved to models/vit_small_cifar10_best.pth
15:01:31    Time: 3.9s
15:01:31  
Epoch 11/20
15:01:31  ----------------------------------------
15:01:35    train  loss: 1.4272  acc: 0.4743
15:01:35    val    loss: 1.5568  acc: 0.4270
15:01:35    --> Best val acc 0.4270 — saved to models/vit_small_cifar10_best.pth
15:01:35    Time: 4.0s
15:01:35  
Epoch 12/20
15:01:35  ----------------------------------------
15:01:39    train  loss: 1.3729  acc: 0.4983
15:01:39    val    loss: 1.6300  acc: 0.4290
15:01:39    --> Best val acc 0.4290 — saved to models/vit_small_cifar10_best.pth
15:01:39    Time: 4.0s
15:01:39  
Epoch 13/20
15:01:39  ----------------------------------------
15:01:43    train  loss: 1.3276  acc: 0.5212
15:01:43    val    loss: 1.6334  acc: 0.4270
15:01:43    Time: 3.8s
15:01:43  
Epoch 14/20
15:01:43  ----------------------------------------
15:01:47    train  loss: 1.3048  acc: 0.5260
15:01:47    val    loss: 1.5188  acc: 0.4660
15:01:47    --> Best val acc 0.4660 — saved to models/vit_small_cifar10_best.pth
15:01:47    Time: 3.9s
15:01:47  
Epoch 15/20
15:01:47  ----------------------------------------
15:01:51    train  loss: 1.2561  acc: 0.5437
15:01:51    val    loss: 1.5950  acc: 0.4430
15:01:51    Time: 3.9s
15:01:51  
Epoch 16/20
15:01:51  ----------------------------------------
15:01:55    train  loss: 1.2249  acc: 0.5493
15:01:55    val    loss: 1.5263  acc: 0.4620
15:01:55    Time: 3.9s
15:01:55  
Epoch 17/20
15:01:55  ----------------------------------------
15:01:59    train  loss: 1.1985  acc: 0.5643
15:01:59    val    loss: 1.6141  acc: 0.4370
15:01:59    Time: 4.0s
15:01:59  
Epoch 18/20
15:01:59  ----------------------------------------
15:02:03    train  loss: 1.1696  acc: 0.5657
15:02:03    val    loss: 1.5579  acc: 0.4440
15:02:03    Time: 3.9s
15:02:03  
Epoch 19/20
15:02:03  ----------------------------------------
15:02:06    train  loss: 1.1246  acc: 0.5847
15:02:07    val    loss: 1.6025  acc: 0.4450
15:02:07    Time: 3.9s
15:02:07  
Epoch 20/20
15:02:07  ----------------------------------------
15:02:10    train  loss: 1.0686  acc: 0.6128
15:02:11    val    loss: 1.5588  acc: 0.4650
15:02:11    Time: 4.0s
15:02:11  
Best val accuracy: 0.4660
15:22:04  Device  : mps
15:22:04  Model   : vit_small
15:22:04  Dataset : cifar10  (small=True)
15:22:04  Loaded weights from models/vit_small_cifar10_best.pth
15:22:05  
Test accuracy: 0.4390  (439/1000)
