02:00:56 | Log file: ./logs/train_unet_resnet18_20260606_020056.log
02:00:58 | Model      : unet_resnet18
02:00:58 | Epochs     : 20
02:00:58 | Batch size : 16
02:00:58 | LR         : 0.001
02:00:58 | Image size : 128
02:00:58 | Device     : cuda
02:00:58 | Loading dataset...
02:07:20 | Building model...
02:07:21 | Params: 37,572,099
02:07:21 | Starting training...
02:07:44 | Epoch 01/20 | Loss: 0.3901 | mIoU: 0.6690 | Time: 22.3s
02:07:44 |   └─ New best mIoU: 0.6690 → saved to ./checkpoints/unet_resnet18_pet.pt
02:08:05 | Epoch 02/20 | Loss: 0.2936 | mIoU: 0.7048 | Time: 20.9s
02:08:06 |   └─ New best mIoU: 0.7048 → saved to ./checkpoints/unet_resnet18_pet.pt
02:08:27 | Epoch 03/20 | Loss: 0.2619 | mIoU: 0.6881 | Time: 20.9s
02:08:48 | Epoch 04/20 | Loss: 0.2337 | mIoU: 0.7202 | Time: 20.8s
02:08:51 |   └─ New best mIoU: 0.7202 → saved to ./checkpoints/unet_resnet18_pet.pt
02:09:12 | Epoch 05/20 | Loss: 0.2157 | mIoU: 0.7296 | Time: 21.2s
02:09:15 |   └─ New best mIoU: 0.7296 → saved to ./checkpoints/unet_resnet18_pet.pt
02:09:36 | Epoch 06/20 | Loss: 0.1771 | mIoU: 0.7501 | Time: 20.9s
02:09:37 |   └─ New best mIoU: 0.7501 → saved to ./checkpoints/unet_resnet18_pet.pt
02:09:58 | Epoch 07/20 | Loss: 0.1614 | mIoU: 0.7546 | Time: 21.0s
02:09:59 |   └─ New best mIoU: 0.7546 → saved to ./checkpoints/unet_resnet18_pet.pt
02:10:20 | Epoch 08/20 | Loss: 0.1512 | mIoU: 0.7549 | Time: 20.7s
02:10:23 |   └─ New best mIoU: 0.7549 → saved to ./checkpoints/unet_resnet18_pet.pt
02:10:44 | Epoch 09/20 | Loss: 0.1433 | mIoU: 0.7570 | Time: 21.2s
02:10:48 |   └─ New best mIoU: 0.7570 → saved to ./checkpoints/unet_resnet18_pet.pt
02:11:10 | Epoch 10/20 | Loss: 0.1377 | mIoU: 0.7454 | Time: 21.6s
02:11:31 | Epoch 11/20 | Loss: 0.1278 | mIoU: 0.7570 | Time: 21.6s
02:11:53 | Epoch 12/20 | Loss: 0.1198 | mIoU: 0.7566 | Time: 21.6s
02:12:14 | Epoch 13/20 | Loss: 0.1152 | mIoU: 0.7582 | Time: 21.5s
02:12:17 |   └─ New best mIoU: 0.7582 → saved to ./checkpoints/unet_resnet18_pet.pt
02:12:38 | Epoch 14/20 | Loss: 0.1115 | mIoU: 0.7540 | Time: 21.2s
02:13:00 | Epoch 15/20 | Loss: 0.1086 | mIoU: 0.7469 | Time: 21.3s
02:13:22 | Epoch 16/20 | Loss: 0.1023 | mIoU: 0.7552 | Time: 21.7s
02:13:43 | Epoch 17/20 | Loss: 0.0978 | mIoU: 0.7522 | Time: 21.7s
02:14:04 | Epoch 18/20 | Loss: 0.0952 | mIoU: 0.7508 | Time: 21.3s
02:14:26 | Epoch 19/20 | Loss: 0.0929 | mIoU: 0.7506 | Time: 22.0s
02:14:48 | Epoch 20/20 | Loss: 0.0932 | mIoU: 0.7518 | Time: 21.4s
02:14:48 | Training complete. Best mIoU: 0.7582
02:14:48 | Best mIoU : 0.7582 at epoch 13
02:14:48 | Final Loss: 0.0932
02:14:48 | Training plot saved → ./output/history_unet_resnet18.png
